// Jest Snapshot v1, https://goo.gl/fbAQLP

exports[`<TextComponent /> should match snapshot 1`] = `
.c0 {
  font-size: 2.4rem;
}

<p
  class="c0"
>
  TextComponent
</p>
`;

exports[`<TextComponent /> should render a text 1`] = `
.c0 {
  font-size: 2.4rem;
}

<p
  class="c0"
>
  TextComponent
</p>
`;

exports[`<TextComponent /> to match snapshot 1`] = `
.c0 {
  font-size: 2.4rem;
}

<p
  class="c0"
>
  TextComponent
</p>
`;
